// Jest Snapshot v1, https://jestjs.io/docs/snapshot-testing

exports[`src/App switcher html should match snapshot on dark system theme 1`] = `
<div
  class="themeSwitcher"
  data-testid="theme-switcher"
>
  <div
    data-testid="mock-icon-light"
  />
  <ul
    data-testid="theme-selector"
  >
    <li
      data-testid="theme-item-light"
    >
      <div
        data-testid="mock-icon-light"
      />
      <span>
        Light
      </span>
    </li>
    <li
      data-testid="theme-item-dark"
    >
      <div
        data-testid="mock-icon-dark"
      />
      <span>
        Dark
      </span>
    </li>
    <li
      data-testid="theme-item-system"
    >
      <div
        data-testid="mock-icon-system"
      />
      <span>
        System
      </span>
      <div
        data-testid="mock-icon-checked"
      />
    </li>
  </ul>
</div>
`;

exports[`src/App switcher html should match snapshot on dark user theme 1`] = `
<div
  class="themeSwitcher"
  data-testid="theme-switcher"
>
  <div
    data-testid="mock-icon-dark"
  />
  <ul
    data-testid="theme-selector"
  >
    <li
      data-testid="theme-item-light"
    >
      <div
        data-testid="mock-icon-light"
      />
      <span>
        Light
      </span>
    </li>
    <li
      data-testid="theme-item-dark"
    >
      <div
        data-testid="mock-icon-dark"
      />
      <span>
        Dark
      </span>
      <div
        data-testid="mock-icon-checked"
      />
    </li>
    <li
      data-testid="theme-item-system"
    >
      <div
        data-testid="mock-icon-system"
      />
      <span>
        System
      </span>
    </li>
  </ul>
</div>
`;

exports[`src/App switcher html should match snapshot on light system theme 1`] = `
<div
  class="themeSwitcher"
  data-testid="theme-switcher"
>
  <div
    data-testid="mock-icon-light"
  />
  <ul
    data-testid="theme-selector"
  >
    <li
      data-testid="theme-item-light"
    >
      <div
        data-testid="mock-icon-light"
      />
      <span>
        Light
      </span>
    </li>
    <li
      data-testid="theme-item-dark"
    >
      <div
        data-testid="mock-icon-dark"
      />
      <span>
        Dark
      </span>
    </li>
    <li
      data-testid="theme-item-system"
    >
      <div
        data-testid="mock-icon-system"
      />
      <span>
        System
      </span>
      <div
        data-testid="mock-icon-checked"
      />
    </li>
  </ul>
</div>
`;

exports[`src/App switcher html should match snapshot on light user theme 1`] = `
<div
  class="themeSwitcher"
  data-testid="theme-switcher"
>
  <div
    data-testid="mock-icon-light"
  />
  <ul
    data-testid="theme-selector"
  >
    <li
      data-testid="theme-item-light"
    >
      <div
        data-testid="mock-icon-light"
      />
      <span>
        Light
      </span>
      <div
        data-testid="mock-icon-checked"
      />
    </li>
    <li
      data-testid="theme-item-dark"
    >
      <div
        data-testid="mock-icon-dark"
      />
      <span>
        Dark
      </span>
    </li>
    <li
      data-testid="theme-item-system"
    >
      <div
        data-testid="mock-icon-system"
      />
      <span>
        System
      </span>
    </li>
  </ul>
</div>
`;
